To honour the JVM settings for this build a single-use Daemon process will be forked. For more on this, please refer to https://docs.gradle.org/9.7.1/userguide/gradle_daemon.html#sec:disabling_the_daemon in the Gradle documentation.
Daemon will be stopped at the end of the build 

> Configure project :
Minecraft Mavenizer 0.5.14 by Forge Development LLC
  Output:             HOME_DIRECTORY/.cache/modernfix-reforged/main/.gradle/mavenizer/repo
  Output JSON:        HOME_DIRECTORY/.cache/modernfix-reforged/main/.gradle/mavenizer/dependencies/default.json
  Dependencies Only:  false
  Cache:              HOME_DIRECTORY/.gradle/caches/minecraftforge/forgegradle/mavenizer/caches
  JDK Cache:          HOME_DIRECTORY/.gradle/caches/minecraftforge/forgegradle/mavenizer/caches
  Offline:            false
  Cache Only:         false
  Ignore Cache:       false
  Mappings:           auto
  Foreign Repos:      [https://cursemaven.com/, https://repo.maven.apache.org/maven2/, https://maven.minecraftforge.net/, https://libraries.minecraft.net/]
  GradleVariantHack:  true
  Disable Gradle:     false
  Stub Jars:          false
  Access Transformer: HOME_DIRECTORY/.cache/modernfix-reforged/main/src/main/resources/META-INF/accesstransformer.cfg

Processing Minecraft dependency: net.minecraftforge:forge:26.3-66.0.3
Using Mappings: official-26.3
Processing Minecraft Forge (userdev): 26.3-66.0.3
Mappings Zip
  srg2names[official-26.3][Empty]
Mappings POM
  pom[mappings_official]
Client Extra
  downloadLauncherManifest
  downloadVersionJson[26.3]
  download[26.3][client]
  extra[client]
  access-transform
    Cache miss!
    java.lang.Exception: Cache miss! Stacktrace for Information Only
    	at net.minecraftforge.mcmaven.impl.Mavenizer.assertNotCacheOnly(Mavenizer.java:60)
    	at net.minecraftforge.mcmaven.impl.Mavenizer.checkCache(Mavenizer.java:94)
    	at net.minecraftforge.mcmaven.impl.MinecraftMaven.accessTransform(MinecraftMaven.java:515)
    	at net.minecraftforge.mcmaven.impl.MinecraftMaven.lambda$accessTransform$0(MinecraftMaven.java:502)
    	at net.minecraftforge.mcmaven.impl.util.Task$Simple.execute(Task.java:145)
    	at net.minecraftforge.mcmaven.impl.repo.Repo$PendingArtifact.get(Repo.java:243)
    	at net.minecraftforge.mcmaven.impl.MinecraftMaven.finalize(MinecraftMaven.java:408)
    	at net.minecraftforge.mcmaven.impl.MinecraftMaven.createForge(MinecraftMaven.java:241)
    	at net.minecraftforge.mcmaven.impl.MinecraftMaven.run(MinecraftMaven.java:119)
    	at net.minecraftforge.mcmaven.cli.MavenTask.run(MavenTask.java:218)
    	at net.minecraftforge.mcmaven.cli.Main.run(Main.java:70)
    	at net.minecraftforge.mcmaven.cli.Main.main(Main.java:23)
Client Maven POM
  pom[client-extra]
Sources
  listLibraries
  stripClient
  download[26.3][server]
  extractServer
  stripServer
  merge
  modifyAccess
  stripSides
  decompile
  patch
  patch[forge]
  downloadSources
  injectSources[forge]
  remap[forge][official-26.3][javadoc]
  remap[forge][official-26.3][javadoc][variants]
Classes
  recompile[forge][official-26.3]
  injectData[forge][official-26.3]
  access-transform
  injectData[forge][official-26.3][variants]
Maven POM
  pom[forge]
Metadata
  metadata[forge]
  metadata[forge][variants]
Minecraft Maven has finished, took 0:08.452

> Task :annotations:compileJava
Warnung: [options] Quellwert 8 ist veraltet und wird in einem zukünftigen Release entfernt
Warnung: [options] Zielwert 8 ist veraltet und wird in einem zukünftigen Release entfernt
Warnung: [options] Verwenden Sie -Xlint:-options, um Warnungen zu veralteten Optionen zu unterdrücken.
3 Warnungen

> Task :annotations:processResources NO-SOURCE
> Task :annotations:classes
> Task :annotations:jar
> Task :annotation-processor:compileJava
> Task :annotation-processor:processResources
> Task :annotation-processor:classes
> Task :annotation-processor:shadowJar

> Task :compileJava
Warnung: cofh.lib.util.flags.FlagManager can't be loaded, so it is skipped!
Warnung: com.refinedmods.refinedstorage.block.shape.ShapeCache can't be loaded, so it is skipped!
Warnung: com.lothrazar.cyclic.block.cable.ShapeCache can't be loaded, so it is skipped!
Hinweis: Einige Eingabedateien verwenden oder überschreiben eine veraltete API.
Hinweis: Wiederholen Sie die Kompilierung mit -Xlint:deprecation, um Details zu erhalten.
Hinweis: Einige Eingabedateien verwenden nicht geprüfte oder unsichere Vorgänge.
Hinweis: Wiederholen Sie die Kompilierung mit -Xlint:unchecked, um Details zu erhalten.
3 Warnungen

> Task :processResources
> Task :classes
> Task :jar
> Task :sourcesJar
> Task :assemble
> Task :compileTestJava
> Task :processTestResources NO-SOURCE
> Task :testClasses
> Task :test
> Task :check
> Task :build
> Task :annotation-processor:jar
> Task :annotation-processor:assemble
> Task :annotation-processor:compileTestJava NO-SOURCE
> Task :annotation-processor:processTestResources NO-SOURCE
> Task :annotation-processor:testClasses UP-TO-DATE
> Task :annotation-processor:test NO-SOURCE
> Task :annotation-processor:check UP-TO-DATE
> Task :annotation-processor:build
> Task :annotations:assemble
> Task :annotations:compileTestJava NO-SOURCE
> Task :annotations:processTestResources NO-SOURCE
> Task :annotations:testClasses UP-TO-DATE
> Task :annotations:test NO-SOURCE
> Task :annotations:check UP-TO-DATE
> Task :annotations:build

[Incubating] Problems report is available at: file://HOME_DIRECTORY/.cache/modernfix-reforged/main/build/reports/problems/problems-report.html

Deprecated Gradle features were used in this build, making it incompatible with Gradle 10.

You can use '--warning-mode all' to show the individual deprecation warnings and determine if they come from your own scripts or plugins.

For more on this, please refer to https://docs.gradle.org/9.7.1/userguide/command_line_interface.html#sec:command_line_warnings in the Gradle documentation.

BUILD SUCCESSFUL in 21s
12 actionable tasks: 12 executed
