WARNING: A restricted method in java.lang.System has been called
WARNING: java.lang.System::load has been called by net.rubygrapefruit.platform.internal.NativeLibraryLoader in an unnamed module (file:<home>/.gradle/wrapper/dists/gradle-9.2.1-bin/2t0n5ozlw9xmuyvbp7dnzaxug/gradle-9.2.1/lib/native-platform-0.22-milestone-29.jar)
WARNING: Use --enable-native-access=ALL-UNNAMED to avoid a warning for callers in this module
WARNING: Restricted methods will be blocked in a future release unless native access is enabled

To honour the JVM settings for this build a single-use Daemon process will be forked. For more on this, please refer to https://docs.gradle.org/9.2.1/userguide/gradle_daemon.html#sec:disabling_the_daemon in the Gradle documentation.
Daemon will be stopped at the end of the build 
> Task :checkDanglingMixinPackageInfo

> Task :createMinecraftArtifacts
Loaded 149 artifacts from <workspace>/build/tmp/createMinecraftArtifacts/nfrt_artifact_manifest.properties
*** Started working on downloadManifest
  ↓ https://piston-meta.mojang.com/mc/game/version_manifest_v2.json
 ✓ Completed downloadManifest in 0.24s
*** Started working on downloadJson
 ✓ Completed downloadJson in 0.00s
*** Started working on downloadServer
*** Started working on downloadClient
 ✓ Completed downloadClient in 0.02s
 ✓ Completed downloadServer in 0.02s
*** Started working on preProcessJar
 ♻ Used cache of preProcessJar in 0.00s
*** Started working on decompile
 ♻ Used cache of decompile in 0.00s
*** Started working on patch
 ♻ Used cache of patch in 0.00s
*** Started working on applyNeoforgePatches
 ♻ Used cache of applyNeoforgePatches in 0.00s
*** Started working on transformSources
 ↳ Running external tool net.neoforged.jst:jst-cli-bundle:2.0.11
 ✓ Completed transformSources in 10.60s
*** Started working on recompile
 111 items on the compile classpath
 0 items on the sourcepath
 Compiling 7301 source files
Copied 21494 resource files
 ✓ Completed recompile in 23.02s
*** Started working on mergeWithSources
 ✓ Completed mergeWithSources in 2.62s
Total runtime: 37.28s


> Task :annotations:compileJava UP-TO-DATE
> Task :annotations:processResources NO-SOURCE
> Task :annotations:classes UP-TO-DATE
> Task :annotations:jar UP-TO-DATE
> Task :annotation-processor:compileJava UP-TO-DATE
> Task :annotation-processor:processResources UP-TO-DATE
> Task :annotation-processor:classes UP-TO-DATE
> Task :annotation-processor:shadowJar UP-TO-DATE

> Task :compileJava
Warnung: cofh.lib.util.flags.FlagManager can't be loaded, so it is skipped!
Warnung: com.refinedmods.refinedstorage.block.shape.ShapeCache can't be loaded, so it is skipped!
Warnung: com.lothrazar.cyclic.block.cable.ShapeCache can't be loaded, so it is skipped!
<workspace>/src/main/java/org/embeddedt/modernfix/platform/neoforge/ModernFixPlatformHooksImpl.java:66: Warnung: [removal] get() in LoadingModList ist veraltet und wurde zum Entfernen markiert
        var issues = LoadingModList.get().getModLoadingIssues();
                                   ^
<workspace>/src/main/java/org/embeddedt/modernfix/platform/neoforge/ModernFixPlatformHooksImpl.java:111: Warnung: [removal] get() in LoadingModList ist veraltet und wurde zum Entfernen markiert
            for (ModInfo meta : LoadingModList.get().getMods()) {
                                              ^
Hinweis: Einige Eingabedateien verwenden oder überschreiben eine veraltete API.
Hinweis: Wiederholen Sie die Kompilierung mit -Xlint:deprecation, um Details zu erhalten.
Hinweis: Einige Eingabedateien verwenden nicht geprüfte oder unsichere Vorgänge.
Hinweis: Wiederholen Sie die Kompilierung mit -Xlint:unchecked, um Details zu erhalten.
5 Warnungen

> Task :processResources
> Task :classes
> Task :jarJar NO-SOURCE
> Task :jar
> Task :sourcesJar
> Task :assemble
> Task :compileTestJava
> Task :downloadAssets UP-TO-DATE
> Task :prepareNeoForgeTestFiles UP-TO-DATE
> Task :processTestResources NO-SOURCE
> Task :testClasses
> Task :test
> Task :check
> Task :build
> Task :annotation-processor:jar
> Task :annotation-processor:assemble
> Task :annotation-processor:compileTestJava NO-SOURCE
> Task :annotation-processor:processTestResources NO-SOURCE
> Task :annotation-processor:testClasses UP-TO-DATE
> Task :annotation-processor:test NO-SOURCE
> Task :annotation-processor:check UP-TO-DATE
> Task :annotation-processor:build
> Task :annotations:assemble UP-TO-DATE
> Task :annotations:compileTestJava NO-SOURCE
> Task :annotations:processTestResources NO-SOURCE
> Task :annotations:testClasses UP-TO-DATE
> Task :annotations:test NO-SOURCE
> Task :annotations:check UP-TO-DATE
> Task :annotations:build UP-TO-DATE
> Task :prepareAuditServerRun UP-TO-DATE

> Task :runAuditServer
2026-09-25T13:38:43.109471Z main WARN Advanced terminal features are not available in this environment
[15:38:43] [main/INFO] [ne.ne.fm.st.Entrypoint/]: JVM Uptime at startup: 60ms
[15:38:43] [main/INFO] [ne.ne.fm.lo.FMLLoader/]: Starting FancyModLoader version 12.0.0 (DEDICATED_SERVER in DEV)
[15:38:43] [main/INFO] [ne.ne.fm.lo.FMLLoader/]: Game directory: <workspace>/run
[15:38:43] [main/INFO] [ne.ne.fm.lo.EarlyServiceDiscovery/]: Found 2 early service jars (out of 113) in 11ms
[15:38:43] [main/INFO] [ne.ne.fm.lo.FMLLoader/]: Loading FML Early Services:
[15:38:43] [main/INFO] [ne.ne.fm.lo.FMLLoader/]:  - <home>/.gradle/caches/modules-2/files-2.1/net.neoforged.fancymodloader/earlydisplay/12.0.0/befa6d56bf8244678fba7fadbf0632658b64224/earlydisplay-12.0.0.jar
[15:38:43] [main/INFO] [ne.ne.fm.lo.FMLLoader/]:  - <home>/.gradle/caches/modules-2/files-2.1/net.neoforged.fancymodloader/loader/12.0.0/e1920bd20caefb500e303e0854c12d79f7c5abb4/loader-12.0.0.jar
[15:38:43] [main/INFO] [ne.ne.fm.lo.ImmediateWindowHandler/]: Not loading early display in headless mode.
[15:38:43] [main/INFO] [ne.ne.fm.lo.mo.lo.GameLocator/]: Detected a joined NeoForge and Minecraft configuration. Applying filtering...
[15:38:43] [main/INFO] [ne.ne.fm.lo.mo.lo.InDevFolderLocator/CORE]: Got mod coordinates modernfix%%<workspace>/build/classes/java/main:modernfix%%<workspace>/build/resources/main from env
[15:38:43] [main/INFO] [ne.ne.fm.lo.mo.lo.JarInJarDependencyLocator/]: Found 2 dependencies adding them to mods collection
[15:38:43] [main/INFO] [ne.ne.fm.lo.mo.ModDiscoverer/]: 
     Mod List:
		Name Version (Mod Id)

		MeridianFix (unofficial ModernFix fork) 0.1.0-alpha.1+mc26.3 (modernfix)
		Minecraft 26.3 (minecraft)
		NeoForge 26.3.0.16-beta (neoforge)
[15:38:43] [main/INFO] [mixin/]: SpongePowered MIXIN Subsystem Version=0.8.7 Source=file:<home>/.gradle/caches/modules-2/files-2.1/net.fabricmc/sponge-mixin/0.17.4+mixin.0.8.7/5f66cc9f59b8efaa942155a3d5a30599bf6640dd/sponge-mixin-0.17.4+mixin.0.8.7.jar Service=FML Env=SERVER
[15:38:43] [main/INFO] [ne.ne.fm.lo.FMLLoader/]: Loading FML Plugins:
[15:38:43] [main/INFO] [ne.ne.fm.lo.FMLLoader/]:  - <home>/.gradle/caches/modules-2/files-2.1/net.neoforged/neoforge/26.3.0.16-beta/ae0b3701fe9299942b17bc596336204e85efdd96/neoforge-26.3.0.16-beta-universal.jar > net.neoforged.neoforge-coremods-26.3.0.16-beta.jar
[15:38:43] [main/INFO] [ne.ne.fm.lo.FMLLoader/]: Building game content classloader:
 - minecraft (composite(filtered(jar(<workspace>/build/moddev/artifacts/minecraft-patched-26.3.0.16-beta.jar)), filtered(jar(<workspace>/build/moddev/artifacts/minecraft-patched-26.3.0.16-beta.jar))))
 - mixinextras.neoforge (jar(<home>/.gradle/caches/modules-2/files-2.1/net.neoforged/neoforge/26.3.0.16-beta/ae0b3701fe9299942b17bc596336204e85efdd96/neoforge-26.3.0.16-beta-universal.jar > mixinextras-neoforge-0.5.5.jar))
 - modernfix (composite(folder(<workspace>/build/classes/java/main), folder(<workspace>/build/resources/main)))
 - neoforge (composite(filtered(jar(<home>/.gradle/caches/modules-2/files-2.1/net.neoforged/neoforge/26.3.0.16-beta/ae0b3701fe9299942b17bc596336204e85efdd96/neoforge-26.3.0.16-beta-universal.jar))))
 - net.neoforged.fml.generated (empty(VirtualJar/net.neoforged.fml.generated))
[15:38:43] [main/INFO] [ne.ne.fm.lo.FMLLoader/]: Built game content classloader in 18ms
[15:38:43] [main/INFO] [ModernFix/]: Loaded configuration file for ModernFix [unknown]: 74 options available, 0 override(s) found
[15:38:43] [main/INFO] [ModernFix/]: Applying Nashorn fix
[15:38:43] [main/INFO] [MixinExtras|Service/]: Initializing MixinExtras via com.llamalad7.mixinextras.service.MixinExtrasServiceImpl(version=0.5.5).
[15:38:44] [main/WARN] [os.so.os.ma.MacOperatingSystem/]: Unable to parse version 27.0 to a codename.
[15:38:45] [main/INFO] [minecraft/Bootstrap]: ModernFix reached bootstrap stage (2.191 s after launch)
[15:38:45] [main/INFO] [mi.audit/]: Force-loading class net.minecraft.world.entity.ambient.Bat
[15:38:45] [main/INFO] [mi.audit/]: Force-loading class net.neoforged.neoforge.registries.NeoForgeRegistryCallbacks$BlockCallbacks
[15:38:45] [main/INFO] [mi.audit/]: Force-loading class net.minecraft.server.level.ServerChunkCache
[15:38:45] [main/INFO] [mi.audit/]: Force-loading class net.minecraft.server.level.ChunkHolder
[15:38:45] [main/INFO] [mi.audit/]: Force-loading class net.minecraft.world.level.levelgen.material.condition.YCondition$1
[15:38:45] [main/INFO] [mi.audit/]: Force-loading class net.minecraft.util.EncoderCache
[15:38:45] [main/INFO] [mi.audit/]: Force-loading class net.minecraft.world.level.levelgen.material.condition.StoneDepthCondition$1
[15:38:45] [main/INFO] [mi.audit/]: Force-loading class net.neoforged.neoforge.capabilities.CapabilityHooks
[15:38:45] [main/INFO] [mi.audit/]: Force-loading class net.minecraft.world.item.CreativeModeTab
[15:38:45] [main/INFO] [mi.audit/]: Force-loading class net.minecraft.util.datafix.fixes.BlockStateData
[15:38:45] [main/INFO] [mi.audit/]: Force-loading class net.minecraft.world.level.chunk.PalettedContainer
[15:38:45] [main/INFO] [mi.audit/]: Force-loading class net.minecraft.util.datafix.DataFixers
[15:38:45] [main/INFO] [mi.audit/]: Force-loading class net.minecraft.server.level.ChunkMap
[15:38:45] [main/INFO] [mi.audit/]: Force-loading class net.minecraft.util.datafix.DataFixTypes
[15:38:45] [main/INFO] [mi.audit/]: Force-loading class net.minecraft.server.level.ServerLevel
[15:38:45] [main/INFO] [mi.audit/]: Force-loading class net.minecraft.server.packs.FilePackResources$SharedZipFileAccess
[15:38:45] [main/INFO] [mi.audit/]: Force-loading class net.minecraft.server.MinecraftServer
[15:38:45] [main/INFO] [mi.audit/]: Force-loading class net.neoforged.neoforge.capabilities.RegisterCapabilitiesEvent
[15:38:45] [main/INFO] [mi.audit/]: Force-loading class net.minecraft.world.level.levelgen.material.condition.VerticalGradientCondition$1
[15:38:45] [main/INFO] [mi.audit/]: Force-loading class net.minecraft.world.level.levelgen.material.condition.WaterCondition$1
[15:38:45] [main/INFO] [mi.audit/]: Force-loading class net.minecraft.util.SortedArraySet
[15:38:45] [main/INFO] [mi.audit/]: Force-loading class net.minecraft.data.registries.VanillaRegistries
[15:38:45] [main/INFO] [mi.audit/]: Force-loading class net.minecraft.world.level.chunk.ImposterProtoChunk
[15:38:45] [main/INFO] [mi.audit/]: Force-loading class net.minecraft.server.packs.resources.ProfiledReloadInstance
[15:38:45] [main/INFO] [mi.audit/]: Force-loading class net.minecraft.world.level.block.WallBlock
[15:38:45] [main/INFO] [mi.audit/]: Force-loading class net.minecraft.world.level.levelgen.material.condition.BiomeCondition$1
[15:38:45] [main/INFO] [mi.audit/]: Force-loading class net.minecraft.world.level.block.state.BlockBehaviour$BlockStateBase$Cache
[15:38:45] [main/INFO] [mi.audit/]: Force-loading class net.minecraft.server.packs.resources.SimpleReloadInstance
[15:38:45] [main/INFO] [mi.audit/]: Force-loading class net.minecraft.world.entity.ai.attributes.AttributeSupplier
[15:38:45] [main/INFO] [mi.audit/]: Force-loading class net.minecraft.server.ServerFunctionManager
[15:38:45] [main/INFO] [mi.audit/]: Force-loading class net.minecraft.world.level.block.state.properties.Property
[15:38:45] [main/INFO] [mi.audit/]: Force-loading class net.neoforged.neoforge.registries.GameData
[15:38:45] [main/INFO] [mi.audit/]: Force-loading class net.minecraft.world.entity.ai.attributes.AttributeSupplier$Builder
[15:38:45] [main/INFO] [mi.audit/]: Force-loading class net.minecraft.world.level.chunk.ChunkAccess
[15:38:45] [main/INFO] [mi.audit/]: Force-loading class net.minecraft.core.component.DataComponents
[15:38:45] [main/INFO] [mi.audit/]: Force-loading class net.minecraft.world.level.levelgen.DebugLevelSource
[15:38:45] [main/INFO] [mi.audit/]: Force-loading class net.neoforged.neoforge.internal.BrandingControl
[15:38:45] [main/INFO] [mi.audit/]: Force-loading class net.minecraft.world.level.levelgen.structure.templatesystem.StructureTemplateManager
[15:38:45] [main/INFO] [mi.audit/]: Force-loading class net.minecraft.server.WorldLoader
[15:38:45] [main/INFO] [mi.audit/]: Force-loading class net.minecraft.world.level.block.entity.BlockEntityType
[15:38:45] [main/INFO] [mi.audit/]: Force-loading class net.minecraft.core.MappedRegistry
[15:38:45] [main/INFO] [mi.audit/]: Force-loading class net.minecraft.server.packs.PathPackResources
[15:38:45] [main/INFO] [mi.audit/]: Force-loading class net.minecraft.tags.TagEntry
[15:38:45] [main/INFO] [mi.audit/]: Force-loading class net.minecraft.world.level.chunk.status.ChunkStatusTasks
[15:38:45] [main/INFO] [mi.audit/]: Force-loading class net.minecraft.server.ReloadableServerResources
[15:38:45] [main/INFO] [mi.audit/]: Force-loading class net.minecraft.world.level.chunk.ChunkGeneratorStructureState
[15:38:47] [main/INFO] [minecraft/Bootstrap]: Vanilla bootstrap took 2276 milliseconds
[15:38:47] [main/WARN] [minecraft/Commands]: Ambiguity between arguments [teleport, location] and [teleport, destination] with inputs: [0.1 -0.5 .9, 0 0 0]
[15:38:47] [main/WARN] [minecraft/Commands]: Ambiguity between arguments [teleport, location] and [teleport, targets] with inputs: [0.1 -0.5 .9, 0 0 0]
[15:38:47] [main/WARN] [minecraft/Commands]: Ambiguity between arguments [teleport, destination] and [teleport, targets] with inputs: [Player, 0123, @e, dd12be42-52a9-4a91-a8a1-11c01849e498]
[15:38:47] [main/WARN] [minecraft/Commands]: Ambiguity between arguments [teleport, targets] and [teleport, destination] with inputs: [Player, 0123, dd12be42-52a9-4a91-a8a1-11c01849e498]
[15:38:47] [main/WARN] [minecraft/Commands]: Ambiguity between arguments [teleport, targets, location] and [teleport, targets, destination] with inputs: [0.1 -0.5 .9, 0 0 0]
[15:38:47] [main/WARN] [minecraft/Commands]: Ambiguity between arguments [time, set, time] and [time, set, timemarker] with inputs: [0, 0s, 0d, 0t]
[15:38:47] [main/WARN] [minecraft/Commands]: Ambiguity between arguments [time, set, timemarker] and [time, set, time] with inputs: [012]
[15:38:47] [main/WARN] [minecraft/Commands]: Ambiguity between arguments [time, of, clock, set, time] and [time, of, clock, set, timemarker] with inputs: [0, 0s, 0d, 0t]
[15:38:47] [main/WARN] [minecraft/Commands]: Ambiguity between arguments [time, of, clock, set, timemarker] and [time, of, clock, set, time] with inputs: [012]
[15:38:47] [modloading-worker-0/INFO] [ModernFix/]: MeridianFix: unofficial ModernFix fork for Minecraft 26.3; not endorsed by upstream.
[15:38:48] [modloading-worker-0/INFO] [ne.ne.ne.co.NeoForgeMod/NEOFORGE-MOD]: NeoForge mod loading, version 26.3.0.16-beta, for MC 26.3

> Task :prepareAuditClientRun UP-TO-DATE

> Task :runAuditClient
2026-09-25T13:38:48.438619Z main WARN Advanced terminal features are not available in this environment
[15:38:48] [main/INFO] [ne.ne.fm.st.Entrypoint/]: JVM Uptime at startup: 58ms
[15:38:48] [main/INFO] [ne.ne.fm.lo.FMLLoader/]: Starting FancyModLoader version 12.0.0 (CLIENT in DEV)
[15:38:48] [main/INFO] [ne.ne.fm.lo.FMLLoader/]: Game directory: <workspace>/run
[15:38:48] [main/INFO] [ne.ne.fm.lo.EarlyServiceDiscovery/]: Found 2 early service jars (out of 113) in 13ms
[15:38:48] [main/INFO] [ne.ne.fm.lo.FMLLoader/]: Loading FML Early Services:
[15:38:48] [main/INFO] [ne.ne.fm.lo.FMLLoader/]:  - <home>/.gradle/caches/modules-2/files-2.1/net.neoforged.fancymodloader/earlydisplay/12.0.0/befa6d56bf8244678fba7fadbf0632658b64224/earlydisplay-12.0.0.jar
[15:38:48] [main/INFO] [ne.ne.fm.lo.FMLLoader/]:  - <home>/.gradle/caches/modules-2/files-2.1/net.neoforged.fancymodloader/loader/12.0.0/e1920bd20caefb500e303e0854c12d79f7c5abb4/loader-12.0.0.jar
[15:38:48] [main/INFO] [ne.ne.fm.lo.ImmediateWindowHandler/]: ImmediateWindowProvider not loading because splash screen is disabled
[15:38:48] [ForkJoinPool.commonPool-worker-3/INFO] [ne.ne.fm.lo.mo.lo.GameLocator/]: Detected a joined NeoForge and Minecraft configuration. Applying filtering...
[15:38:48] [ForkJoinPool.commonPool-worker-3/INFO] [ne.ne.fm.lo.mo.lo.InDevFolderLocator/CORE]: Got mod coordinates modernfix%%<workspace>/build/classes/java/main:modernfix%%<workspace>/build/resources/main from env
[15:38:48] [ForkJoinPool.commonPool-worker-3/INFO] [ne.ne.fm.lo.mo.lo.JarInJarDependencyLocator/]: Found 2 dependencies adding them to mods collection
[15:38:48] [ForkJoinPool.commonPool-worker-3/INFO] [ne.ne.fm.lo.mo.ModDiscoverer/]: 
     Mod List:
		Name Version (Mod Id)

		MeridianFix (unofficial ModernFix fork) 0.1.0-alpha.1+mc26.3 (modernfix)
		Minecraft 26.3 (minecraft)
		NeoForge 26.3.0.16-beta (neoforge)
[15:38:48] [main/INFO] [mixin/]: SpongePowered MIXIN Subsystem Version=0.8.7 Source=file:<home>/.gradle/caches/modules-2/files-2.1/net.fabricmc/sponge-mixin/0.17.4+mixin.0.8.7/5f66cc9f59b8efaa942155a3d5a30599bf6640dd/sponge-mixin-0.17.4+mixin.0.8.7.jar Service=FML Env=CLIENT
[15:38:48] [main/INFO] [ne.ne.fm.lo.FMLLoader/]: Loading FML Plugins:
[15:38:48] [main/INFO] [ne.ne.fm.lo.FMLLoader/]:  - <home>/.gradle/caches/modules-2/files-2.1/net.neoforged/neoforge/26.3.0.16-beta/ae0b3701fe9299942b17bc596336204e85efdd96/neoforge-26.3.0.16-beta-universal.jar > net.neoforged.neoforge-coremods-26.3.0.16-beta.jar
[15:38:48] [main/INFO] [ne.ne.fm.lo.FMLLoader/]: Building game content classloader:
 - minecraft (composite(filtered(jar(<workspace>/build/moddev/artifacts/minecraft-patched-26.3.0.16-beta.jar)), filtered(jar(<workspace>/build/moddev/artifacts/minecraft-patched-26.3.0.16-beta.jar))))
 - mixinextras.neoforge (jar(<home>/.gradle/caches/modules-2/files-2.1/net.neoforged/neoforge/26.3.0.16-beta/ae0b3701fe9299942b17bc596336204e85efdd96/neoforge-26.3.0.16-beta-universal.jar > mixinextras-neoforge-0.5.5.jar))
 - modernfix (composite(folder(<workspace>/build/classes/java/main), folder(<workspace>/build/resources/main)))
 - neoforge (composite(filtered(jar(<home>/.gradle/caches/modules-2/files-2.1/net.neoforged/neoforge/26.3.0.16-beta/ae0b3701fe9299942b17bc596336204e85efdd96/neoforge-26.3.0.16-beta-universal.jar))))
 - net.neoforged.fml.generated (empty(VirtualJar/net.neoforged.fml.generated))
[15:38:48] [main/INFO] [ne.ne.fm.lo.FMLLoader/]: Built game content classloader in 13ms
[15:38:49] [main/INFO] [ModernFix/]: Loaded configuration file for ModernFix [unknown]: 74 options available, 0 override(s) found
[15:38:49] [main/INFO] [ModernFix/]: Applying Nashorn fix
[15:38:49] [main/INFO] [ModernFix/]: Configuring Minecraft's max.bg.threads option with 5 threads
[15:38:49] [main/INFO] [MixinExtras|Service/]: Initializing MixinExtras via com.llamalad7.mixinextras.service.MixinExtrasServiceImpl(version=0.5.5).
[15:38:50] [Datafixer Bootstrap #0/INFO] [mojang/DataFixerBuilder]: 310 Datafixer optimizations took 283 milliseconds
[15:38:50] [main/WARN] [os.so.os.ma.MacOperatingSystem/]: Unable to parse version 27.0 to a codename.
[15:38:50] [pool-8-thread-1/INFO] [minecraft/Bootstrap]: ModernFix reached bootstrap stage (2.690 s after launch)
[15:38:50] [pool-8-thread-1/INFO] [mi.audit/]: Force-loading class net.minecraft.world.entity.ambient.Bat
[15:38:50] [pool-8-thread-1/INFO] [mi.audit/]: Force-loading class net.neoforged.neoforge.registries.NeoForgeRegistryCallbacks$BlockCallbacks
[15:38:50] [pool-8-thread-1/INFO] [mi.audit/]: Force-loading class net.minecraft.world.level.levelgen.material.condition.YCondition$1
[15:38:50] [pool-8-thread-1/INFO] [mi.audit/]: Force-loading class net.minecraft.world.level.levelgen.material.condition.StoneDepthCondition$1
[15:38:50] [pool-8-thread-1/INFO] [mi.audit/]: Force-loading class net.minecraft.util.datafix.fixes.BlockStateData
[15:38:50] [pool-8-thread-1/INFO] [mi.audit/]: Force-loading class net.minecraft.world.level.chunk.PalettedContainer
[15:38:50] [pool-8-thread-1/INFO] [mi.audit/]: Force-loading class net.minecraft.server.players.PlayerList
[15:38:50] [pool-8-thread-1/INFO] [mi.audit/]: Force-loading class net.minecraft.client.telemetry.ClientTelemetryManager
[15:38:50] [pool-8-thread-1/INFO] [mi.audit/]: Force-loading class net.minecraft.server.MinecraftServer
[15:38:50] [pool-8-thread-1/INFO] [mi.audit/]: Force-loading class net.neoforged.neoforge.capabilities.RegisterCapabilitiesEvent
[15:38:50] [pool-8-thread-1/INFO] [mi.audit/]: Force-loading class net.minecraft.world.level.levelgen.material.condition.VerticalGradientCondition$1
[15:38:50] [pool-8-thread-1/INFO] [mi.audit/]: Force-loading class net.minecraft.world.level.levelgen.material.condition.WaterCondition$1
[15:38:50] [pool-8-thread-1/INFO] [mi.audit/]: Force-loading class net.minecraft.client.gui.screens.worldselection.WorldOpenFlows
[15:38:50] [pool-8-thread-1/INFO] [mi.audit/]: Force-loading class net.minecraft.util.SortedArraySet
[15:38:50] [pool-8-thread-1/INFO] [mi.audit/]: Force-loading class net.minecraft.world.level.chunk.ImposterProtoChunk
[15:38:51] [pool-8-thread-1/INFO] [mi.audit/]: Force-loading class net.minecraft.client.renderer.entity.player.AvatarRenderer
[15:38:51] [pool-8-thread-1/INFO] [mi.audit/]: Force-loading class net.minecraft.client.gui.contextualbar.ExperienceBar
[15:38:51] [pool-8-thread-1/INFO] [mi.audit/]: Force-loading class net.minecraft.server.packs.resources.ProfiledReloadInstance
[15:38:51] [pool-8-thread-1/INFO] [mi.audit/]: Force-loading class net.minecraft.world.level.block.WallBlock
[15:38:51] [pool-8-thread-1/INFO] [mi.audit/]: Force-loading class net.minecraft.client.multiplayer.SessionSearchTrees
[15:38:51] [pool-8-thread-1/INFO] [mi.audit/]: Force-loading class net.minecraft.world.level.block.state.BlockBehaviour$BlockStateBase$Cache
[15:38:51] [pool-8-thread-1/INFO] [mi.audit/]: Force-loading class net.minecraft.world.entity.ai.attributes.AttributeSupplier
[15:38:51] [pool-8-thread-1/INFO] [mi.audit/]: Force-loading class net.minecraft.server.ServerFunctionManager
[15:38:51] [pool-8-thread-1/INFO] [mi.audit/]: Force-loading class net.minecraft.world.level.block.state.properties.Property
[15:38:51] [pool-8-thread-1/INFO] [mi.audit/]: Force-loading class net.neoforged.neoforge.registries.GameData
[15:38:51] [pool-8-thread-1/INFO] [mi.audit/]: Force-loading class net.minecraft.server.packs.resources.ReloadableResourceManager
[15:38:51] [pool-8-thread-1/INFO] [mi.audit/]: Force-loading class net.minecraft.world.entity.ai.attributes.AttributeSupplier$Builder
[15:38:51] [pool-8-thread-1/INFO] [mi.audit/]: Force-loading class net.minecraft.world.level.chunk.ChunkAccess
[15:38:51] [pool-8-thread-1/INFO] [mi.audit/]: Force-loading class net.minecraft.client.multiplayer.ClientConfigurationPacketListenerImpl
[15:38:51] [pool-8-thread-1/INFO] [mi.audit/]: Force-loading class net.minecraft.core.component.DataComponents
[15:38:51] [pool-8-thread-1/INFO] [mi.audit/]: Force-loading class net.minecraft.world.level.levelgen.DebugLevelSource
[15:38:51] [pool-8-thread-1/INFO] [mi.audit/]: Force-loading class net.minecraft.world.level.levelgen.structure.templatesystem.StructureTemplateManager
[15:38:51] [pool-8-thread-1/INFO] [mi.audit/]: Force-loading class net.minecraft.world.level.block.entity.BlockEntityType
[15:38:51] [pool-8-thread-1/INFO] [mi.audit/]: Force-loading class net.minecraft.core.MappedRegistry
[15:38:51] [pool-8-thread-1/INFO] [mi.audit/]: Force-loading class net.minecraft.client.gui.screens.ConnectScreen
[15:38:51] [pool-8-thread-1/INFO] [mi.audit/]: Force-loading class net.minecraft.server.packs.PathPackResources
[15:38:51] [pool-8-thread-1/INFO] [mi.audit/]: Force-loading class net.minecraft.tags.TagEntry
[15:38:51] [pool-8-thread-1/INFO] [mi.audit/]: Force-loading class net.minecraft.stats.RecipeBookSettings
[15:38:51] [pool-8-thread-1/INFO] [mi.audit/]: Force-loading class net.minecraft.client.resources.SkinManager$TextureCache
[15:38:51] [pool-8-thread-1/INFO] [mi.audit/]: Force-loading class net.minecraft.server.ReloadableServerResources
[15:38:51] [pool-8-thread-1/INFO] [mi.audit/]: Force-loading class net.minecraft.client.gui.font.providers.GlyphProviderType
[15:38:51] [pool-8-thread-1/INFO] [mi.audit/]: Force-loading class net.minecraft.client.renderer.chunk.SectionCompiler
[15:38:51] [pool-8-thread-1/INFO] [mi.audit/]: Force-loading class net.minecraft.server.level.ServerChunkCache
[15:38:51] [pool-8-thread-1/INFO] [mi.audit/]: Force-loading class net.minecraft.server.level.ChunkHolder
[15:38:51] [pool-8-thread-1/INFO] [mi.audit/]: Force-loading class net.minecraft.util.EncoderCache
[15:38:51] [pool-8-thread-1/INFO] [mi.audit/]: Force-loading class net.neoforged.neoforge.capabilities.CapabilityHooks
[15:38:51] [pool-8-thread-1/INFO] [mi.audit/]: Force-loading class net.minecraft.world.item.CreativeModeTab
[15:38:51] [pool-8-thread-1/INFO] [mi.audit/]: Force-loading class net.minecraft.server.level.ChunkMap
[15:38:51] [pool-8-thread-1/INFO] [mi.audit/]: Force-loading class net.minecraft.client.GameNarrator
[15:38:51] [pool-8-thread-1/INFO] [mi.audit/]: Force-loading class net.minecraft.server.level.ServerLevel
[15:38:51] [pool-8-thread-1/INFO] [mi.audit/]: Force-loading class com.mojang.blaze3d.vertex.PoseStack
[15:38:51] [pool-8-thread-1/INFO] [mi.audit/]: Force-loading class net.minecraft.server.packs.FilePackResources$SharedZipFileAccess
[15:38:51] [pool-8-thread-1/INFO] [mi.audit/]: Force-loading class net.minecraft.client.renderer.entity.LivingEntityRenderer
[15:38:51] [pool-8-thread-1/INFO] [mi.audit/]: Force-loading class net.minecraft.client.gui.screens.worldselection.WorldSelectionList$WorldListEntry
[15:38:51] [pool-8-thread-1/INFO] [mi.audit/]: Force-loading class net.minecraft.client.Minecraft
[15:38:51] [pool-8-thread-1/INFO] [mi.audit/]: Force-loading class net.minecraft.data.registries.VanillaRegistries
[15:38:51] [pool-8-thread-1/INFO] [mi.audit/]: Force-loading class net.minecraft.client.gui.font.providers.UnihexProvider$ByteContents
[15:38:51] [pool-8-thread-1/INFO] [mi.audit/]: Force-loading class net.minecraft.world.level.levelgen.material.condition.BiomeCondition$1
[15:38:51] [pool-8-thread-1/INFO] [mi.audit/]: Force-loading class net.minecraft.server.packs.resources.SimpleReloadInstance
[15:38:51] [pool-8-thread-1/INFO] [mi.audit/]: Force-loading class net.minecraft.client.gui.screens.worldselection.CreateWorldScreen
[15:38:51] [pool-8-thread-1/INFO] [mi.audit/]: Force-loading class net.minecraft.client.gui.font.providers.UnihexProvider$ShortContents
[15:38:51] [pool-8-thread-1/INFO] [mi.audit/]: Force-loading class net.neoforged.neoforge.internal.BrandingControl
[15:38:51] [pool-8-thread-1/INFO] [mi.audit/]: Force-loading class net.minecraft.server.WorldLoader
[15:38:51] [pool-8-thread-1/INFO] [mi.audit/]: Force-loading class net.minecraft.client.server.IntegratedServer
[15:38:51] [pool-8-thread-1/INFO] [mi.audit/]: Force-loading class net.minecraft.client.color.block.BlockColors
[15:38:51] [pool-8-thread-1/INFO] [mi.audit/]: Force-loading class net.minecraft.world.level.chunk.status.ChunkStatusTasks
[15:38:51] [pool-8-thread-1/INFO] [mi.audit/]: Force-loading class net.minecraft.world.level.chunk.ChunkGeneratorStructureState
[15:38:53] [pool-8-thread-1/INFO] [minecraft/Bootstrap]: Vanilla bootstrap took 2151 milliseconds
[15:38:53] [main/WARN] [minecraft/Commands]: Ambiguity between arguments [teleport, location] and [teleport, destination] with inputs: [0.1 -0.5 .9, 0 0 0]
[15:38:53] [main/WARN] [minecraft/Commands]: Ambiguity between arguments [teleport, location] and [teleport, targets] with inputs: [0.1 -0.5 .9, 0 0 0]
[15:38:53] [main/WARN] [minecraft/Commands]: Ambiguity between arguments [teleport, destination] and [teleport, targets] with inputs: [Player, 0123, @e, dd12be42-52a9-4a91-a8a1-11c01849e498]
[15:38:53] [main/WARN] [minecraft/Commands]: Ambiguity between arguments [teleport, targets] and [teleport, destination] with inputs: [Player, 0123, dd12be42-52a9-4a91-a8a1-11c01849e498]
[15:38:53] [main/WARN] [minecraft/Commands]: Ambiguity between arguments [teleport, targets, location] and [teleport, targets, destination] with inputs: [0.1 -0.5 .9, 0 0 0]
[15:38:53] [main/WARN] [minecraft/Commands]: Ambiguity between arguments [time, set, time] and [time, set, timemarker] with inputs: [0, 0s, 0d, 0t]
[15:38:53] [main/WARN] [minecraft/Commands]: Ambiguity between arguments [time, set, timemarker] and [time, set, time] with inputs: [012]
[15:38:53] [main/WARN] [minecraft/Commands]: Ambiguity between arguments [time, of, clock, set, time] and [time, of, clock, set, timemarker] with inputs: [0, 0s, 0d, 0t]
[15:38:53] [main/WARN] [minecraft/Commands]: Ambiguity between arguments [time, of, clock, set, timemarker] and [time, of, clock, set, time] with inputs: [012]
[15:38:53] [modloading-worker-0/INFO] [ModernFix/]: MeridianFix: unofficial ModernFix fork for Minecraft 26.3; not endorsed by upstream.
[15:38:53] [modloading-worker-0/INFO] [ne.ne.ne.co.NeoForgeMod/NEOFORGE-MOD]: NeoForge mod loading, version 26.3.0.16-beta, for MC 26.3
[15:38:54] [Render thread/INFO] [mojang/MinecraftServicesDiscoveryService]: Environment: Environment[discoveryUrl=https://discovery.minecraftservices.com/minecraft/client, name=PROD]
[15:38:54] [Render thread/INFO] [minecraft/Minecraft]: Setting user: Dev
[15:38:54] [Render thread/INFO] [minecraft/Minecraft]: Backend library: LWJGL version 3.4.3+4
[15:38:54] [Render thread/WARN] [minecraft/Minecraft]: Detected unexpected shutdown during last game startup: resetting fullscreen mode
[15:38:54] [Render thread/INFO] [mojang/SdlDebug]: SDL [SYSTEM]: App name: Minecraft
[15:38:54] [Render thread/INFO] [mojang/SdlDebug]: SDL [SYSTEM]: App version: 26.3
[15:38:54] [Render thread/INFO] [mojang/SdlDebug]: SDL [SYSTEM]: App ID: com.mojang.minecraft
[15:38:54] [Render thread/INFO] [mojang/SdlDebug]: SDL [SYSTEM]: SDL revision: SDL-3.4.14-62f10da
[15:38:54] [Render thread/WARN] [minecraft/Minecraft]: Detected unexpected shutdown during last game startup: forcing preferred graphics API to OpenGL
[15:38:54] [Render thread/INFO] [minecraft/Minecraft]: Using graphics backend OpenGL, using drivers: 4.1 Metal - 91.7
[15:38:54] [Render thread/INFO] [minecraft/Minecraft]: Using graphics device: Apple M2 (Apple)
[15:38:54] [Render thread/INFO] [minecraft/Minecraft]: Using graphics device extensions: GL_ARB_draw_indirect, GL_EXT_texture_filter_anisotropic
[15:38:54] [Render thread/INFO] [mojang/Window]: Created window using SDL video driver: cocoa

> Task :prepareAuditServerBetaRun UP-TO-DATE

> Task :runAuditServerBeta
2026-09-25T13:38:56.160834Z main WARN Advanced terminal features are not available in this environment
[15:38:56] [main/INFO] [ne.ne.fm.st.Entrypoint/]: JVM Uptime at startup: 58ms
[15:38:56] [main/INFO] [ne.ne.fm.lo.FMLLoader/]: Starting FancyModLoader version 12.0.0 (DEDICATED_SERVER in DEV)
[15:38:56] [main/INFO] [ne.ne.fm.lo.FMLLoader/]: Game directory: <workspace>/run
[15:38:56] [main/INFO] [ne.ne.fm.lo.EarlyServiceDiscovery/]: Found 2 early service jars (out of 113) in 10ms
[15:38:56] [main/INFO] [ne.ne.fm.lo.FMLLoader/]: Loading FML Early Services:
[15:38:56] [main/INFO] [ne.ne.fm.lo.FMLLoader/]:  - <home>/.gradle/caches/modules-2/files-2.1/net.neoforged.fancymodloader/earlydisplay/12.0.0/befa6d56bf8244678fba7fadbf0632658b64224/earlydisplay-12.0.0.jar
[15:38:56] [main/INFO] [ne.ne.fm.lo.FMLLoader/]:  - <home>/.gradle/caches/modules-2/files-2.1/net.neoforged.fancymodloader/loader/12.0.0/e1920bd20caefb500e303e0854c12d79f7c5abb4/loader-12.0.0.jar
[15:38:56] [main/INFO] [ne.ne.fm.lo.ImmediateWindowHandler/]: Not loading early display in headless mode.
[15:38:56] [main/INFO] [ne.ne.fm.lo.mo.lo.GameLocator/]: Detected a joined NeoForge and Minecraft configuration. Applying filtering...
[15:38:56] [main/INFO] [ne.ne.fm.lo.mo.lo.InDevFolderLocator/CORE]: Got mod coordinates modernfix%%<workspace>/build/classes/java/main:modernfix%%<workspace>/build/resources/main from env
[15:38:56] [main/INFO] [ne.ne.fm.lo.mo.lo.JarInJarDependencyLocator/]: Found 2 dependencies adding them to mods collection
[15:38:56] [main/INFO] [ne.ne.fm.lo.mo.ModDiscoverer/]: 
     Mod List:
		Name Version (Mod Id)

		MeridianFix (unofficial ModernFix fork) 0.1.0-alpha.1+mc26.3 (modernfix)
		Minecraft 26.3 (minecraft)
		NeoForge 26.3.0.16-beta (neoforge)
[15:38:56] [main/INFO] [mixin/]: SpongePowered MIXIN Subsystem Version=0.8.7 Source=file:<home>/.gradle/caches/modules-2/files-2.1/net.fabricmc/sponge-mixin/0.17.4+mixin.0.8.7/5f66cc9f59b8efaa942155a3d5a30599bf6640dd/sponge-mixin-0.17.4+mixin.0.8.7.jar Service=FML Env=SERVER
[15:38:56] [main/INFO] [ne.ne.fm.lo.FMLLoader/]: Loading FML Plugins:
[15:38:56] [main/INFO] [ne.ne.fm.lo.FMLLoader/]:  - <home>/.gradle/caches/modules-2/files-2.1/net.neoforged/neoforge/26.3.0.16-beta/ae0b3701fe9299942b17bc596336204e85efdd96/neoforge-26.3.0.16-beta-universal.jar > net.neoforged.neoforge-coremods-26.3.0.16-beta.jar
[15:38:56] [main/INFO] [ne.ne.fm.lo.FMLLoader/]: Building game content classloader:
 - minecraft (composite(filtered(jar(<workspace>/build/moddev/artifacts/minecraft-patched-26.3.0.16-beta.jar)), filtered(jar(<workspace>/build/moddev/artifacts/minecraft-patched-26.3.0.16-beta.jar))))
 - mixinextras.neoforge (jar(<home>/.gradle/caches/modules-2/files-2.1/net.neoforged/neoforge/26.3.0.16-beta/ae0b3701fe9299942b17bc596336204e85efdd96/neoforge-26.3.0.16-beta-universal.jar > mixinextras-neoforge-0.5.5.jar))
 - modernfix (composite(folder(<workspace>/build/classes/java/main), folder(<workspace>/build/resources/main)))
 - neoforge (composite(filtered(jar(<home>/.gradle/caches/modules-2/files-2.1/net.neoforged/neoforge/26.3.0.16-beta/ae0b3701fe9299942b17bc596336204e85efdd96/neoforge-26.3.0.16-beta-universal.jar))))
 - net.neoforged.fml.generated (empty(VirtualJar/net.neoforged.fml.generated))
[15:38:56] [main/INFO] [ne.ne.fm.lo.FMLLoader/]: Built game content classloader in 16ms
[15:38:56] [main/INFO] [ModernFix/]: Configured stability_level to 'BETA' via JVM property.
[15:38:56] [main/INFO] [ModernFix/]: Loaded configuration file for ModernFix [unknown]: 74 options available, 1 override(s) found
[15:38:56] [main/WARN] [ModernFix/]: ModernFix stability level is set to BETA. Features at this level may be unstable or cause crashes.
[15:38:56] [main/WARN] [ModernFix/]: Option 'stability_level' overriden (by user configuration) to 'BETA'
[15:38:56] [main/INFO] [ModernFix/]: Applying Nashorn fix
[15:38:56] [main/INFO] [MixinExtras|Service/]: Initializing MixinExtras via com.llamalad7.mixinextras.service.MixinExtrasServiceImpl(version=0.5.5).
[15:38:57] [main/WARN] [os.so.os.ma.MacOperatingSystem/]: Unable to parse version 27.0 to a codename.
[15:38:57] [main/INFO] [minecraft/Bootstrap]: ModernFix reached bootstrap stage (1.608 s after launch)
[15:38:57] [main/INFO] [mi.audit/]: Force-loading class net.minecraft.world.entity.ambient.Bat
[15:38:57] [main/INFO] [mi.audit/]: Force-loading class net.neoforged.neoforge.registries.NeoForgeRegistryCallbacks$BlockCallbacks
[15:38:57] [main/INFO] [mi.audit/]: Force-loading class net.minecraft.world.level.levelgen.material.condition.YCondition$1
[15:38:57] [main/INFO] [mi.audit/]: Force-loading class net.minecraft.world.level.levelgen.material.condition.StoneDepthCondition$1
[15:38:57] [main/INFO] [mi.audit/]: Force-loading class net.minecraft.util.datafix.fixes.BlockStateData
[15:38:57] [main/INFO] [mi.audit/]: Force-loading class net.minecraft.world.level.chunk.PalettedContainer
[15:38:57] [main/INFO] [mi.audit/]: Force-loading class net.minecraft.util.datafix.DataFixers
[15:38:57] [main/INFO] [mi.audit/]: Force-loading class net.minecraft.util.datafix.DataFixTypes
[15:38:57] [main/INFO] [mi.audit/]: Force-loading class net.minecraft.server.MinecraftServer
[15:38:57] [main/INFO] [mi.audit/]: Force-loading class net.neoforged.neoforge.capabilities.RegisterCapabilitiesEvent
[15:38:57] [main/INFO] [mi.audit/]: Force-loading class net.minecraft.world.level.levelgen.material.condition.VerticalGradientCondition$1
[15:38:57] [main/INFO] [mi.audit/]: Force-loading class net.minecraft.world.level.levelgen.material.condition.WaterCondition$1
[15:38:57] [main/INFO] [mi.audit/]: Force-loading class net.minecraft.util.SortedArraySet
[15:38:57] [main/INFO] [mi.audit/]: Force-loading class net.minecraft.world.level.levelgen.structure.placement.ConcentricRingsStructurePlacement
[15:38:57] [main/INFO] [mi.audit/]: Force-loading class net.minecraft.world.level.chunk.ImposterProtoChunk
[15:38:57] [main/INFO] [mi.audit/]: Force-loading class net.minecraft.server.packs.resources.ProfiledReloadInstance
[15:38:57] [main/INFO] [mi.audit/]: Force-loading class net.minecraft.world.level.block.WallBlock
[15:38:57] [main/INFO] [mi.audit/]: Force-loading class net.minecraft.world.level.block.state.BlockBehaviour$BlockStateBase$Cache
[15:38:57] [main/INFO] [mi.audit/]: Force-loading class net.minecraft.world.entity.ai.attributes.AttributeSupplier
[15:38:57] [main/INFO] [mi.audit/]: Force-loading class net.minecraft.server.ServerFunctionManager
[15:38:57] [main/INFO] [mi.audit/]: Force-loading class net.minecraft.world.level.block.state.properties.Property
[15:38:57] [main/INFO] [mi.audit/]: Force-loading class net.neoforged.neoforge.registries.GameData
[15:38:57] [main/INFO] [mi.audit/]: Force-loading class net.minecraft.world.entity.ai.attributes.AttributeSupplier$Builder
[15:38:57] [main/INFO] [mi.audit/]: Force-loading class net.minecraft.world.level.chunk.ChunkAccess
[15:38:57] [main/INFO] [mi.audit/]: Force-loading class net.minecraft.core.component.DataComponents
[15:38:57] [main/INFO] [mi.audit/]: Force-loading class net.minecraft.world.level.levelgen.DebugLevelSource
[15:38:57] [main/INFO] [mi.audit/]: Force-loading class net.minecraft.world.level.levelgen.structure.templatesystem.StructureTemplateManager
[15:38:57] [main/INFO] [mi.audit/]: Force-loading class net.minecraft.world.level.block.entity.BlockEntityType
[15:38:57] [main/INFO] [mi.audit/]: Force-loading class net.minecraft.core.MappedRegistry
[15:38:57] [main/INFO] [mi.audit/]: Force-loading class net.minecraft.server.packs.PathPackResources
[15:38:57] [main/INFO] [mi.audit/]: Force-loading class net.minecraft.tags.TagEntry
[15:38:57] [main/INFO] [mi.audit/]: Force-loading class net.minecraft.server.ReloadableServerResources
[15:38:57] [main/INFO] [mi.audit/]: Force-loading class net.minecraft.world.level.biome.Climate$ParameterList
[15:38:57] [main/INFO] [mi.audit/]: Force-loading class net.minecraft.server.packs.FilePackResources
[15:38:57] [main/INFO] [mi.audit/]: Force-loading class net.minecraft.server.level.ServerChunkCache
[15:38:57] [main/INFO] [mi.audit/]: Force-loading class net.minecraft.server.level.ChunkHolder
[15:38:57] [main/INFO] [mi.audit/]: Force-loading class net.minecraft.util.EncoderCache
[15:38:57] [main/INFO] [mi.audit/]: Force-loading class net.neoforged.neoforge.capabilities.CapabilityHooks
[15:38:57] [main/INFO] [mi.audit/]: Force-loading class net.minecraft.world.item.CreativeModeTab
[15:38:57] [main/INFO] [mi.audit/]: Force-loading class net.minecraft.server.level.ChunkMap
[15:38:57] [main/INFO] [mi.audit/]: Force-loading class net.minecraft.server.level.ServerLevel
[15:38:57] [main/INFO] [mi.audit/]: Force-loading class net.minecraft.server.packs.FilePackResources$SharedZipFileAccess
[15:38:57] [main/INFO] [mi.audit/]: Force-loading class net.minecraft.data.registries.VanillaRegistries
[15:38:57] [main/INFO] [mi.audit/]: Force-loading class net.minecraft.world.level.levelgen.material.condition.BiomeCondition$1
[15:38:57] [main/INFO] [mi.audit/]: Force-loading class net.minecraft.server.packs.resources.SimpleReloadInstance
[15:38:57] [main/INFO] [mi.audit/]: Force-loading class net.neoforged.neoforge.internal.BrandingControl
[15:38:57] [main/INFO] [mi.audit/]: Force-loading class net.minecraft.server.WorldLoader
[15:38:57] [main/INFO] [mi.audit/]: Force-loading class net.minecraft.world.level.chunk.status.ChunkStatusTasks
[15:38:57] [main/INFO] [mi.audit/]: Force-loading class net.minecraft.world.level.chunk.ChunkGeneratorStructureState
[15:38:59] [main/INFO] [minecraft/Bootstrap]: Vanilla bootstrap took 2019 milliseconds
[15:39:00] [main/WARN] [minecraft/Commands]: Ambiguity between arguments [teleport, location] and [teleport, destination] with inputs: [0.1 -0.5 .9, 0 0 0]
[15:39:00] [main/WARN] [minecraft/Commands]: Ambiguity between arguments [teleport, location] and [teleport, targets] with inputs: [0.1 -0.5 .9, 0 0 0]
[15:39:00] [main/WARN] [minecraft/Commands]: Ambiguity between arguments [teleport, destination] and [teleport, targets] with inputs: [Player, 0123, @e, dd12be42-52a9-4a91-a8a1-11c01849e498]
[15:39:00] [main/WARN] [minecraft/Commands]: Ambiguity between arguments [teleport, targets] and [teleport, destination] with inputs: [Player, 0123, dd12be42-52a9-4a91-a8a1-11c01849e498]
[15:39:00] [main/WARN] [minecraft/Commands]: Ambiguity between arguments [teleport, targets, location] and [teleport, targets, destination] with inputs: [0.1 -0.5 .9, 0 0 0]
[15:39:00] [main/WARN] [minecraft/Commands]: Ambiguity between arguments [time, set, time] and [time, set, timemarker] with inputs: [0, 0s, 0d, 0t]
[15:39:00] [main/WARN] [minecraft/Commands]: Ambiguity between arguments [time, set, timemarker] and [time, set, time] with inputs: [012]
[15:39:00] [main/WARN] [minecraft/Commands]: Ambiguity between arguments [time, of, clock, set, time] and [time, of, clock, set, timemarker] with inputs: [0, 0s, 0d, 0t]
[15:39:00] [main/WARN] [minecraft/Commands]: Ambiguity between arguments [time, of, clock, set, timemarker] and [time, of, clock, set, time] with inputs: [012]
[15:39:00] [modloading-worker-0/INFO] [ModernFix/]: MeridianFix: unofficial ModernFix fork for Minecraft 26.3; not endorsed by upstream.
[15:39:00] [modloading-worker-0/INFO] [ne.ne.ne.co.NeoForgeMod/NEOFORGE-MOD]: NeoForge mod loading, version 26.3.0.16-beta, for MC 26.3

> Task :prepareAuditClientBetaRun UP-TO-DATE

> Task :runAuditClientBeta
2026-09-25T13:39:00.583515Z main WARN Advanced terminal features are not available in this environment
[15:39:00] [main/INFO] [ne.ne.fm.st.Entrypoint/]: JVM Uptime at startup: 58ms
[15:39:00] [main/INFO] [ne.ne.fm.lo.FMLLoader/]: Starting FancyModLoader version 12.0.0 (CLIENT in DEV)
[15:39:00] [main/INFO] [ne.ne.fm.lo.FMLLoader/]: Game directory: <workspace>/run
[15:39:00] [main/INFO] [ne.ne.fm.lo.EarlyServiceDiscovery/]: Found 2 early service jars (out of 113) in 12ms
[15:39:00] [main/INFO] [ne.ne.fm.lo.FMLLoader/]: Loading FML Early Services:
[15:39:00] [main/INFO] [ne.ne.fm.lo.FMLLoader/]:  - <home>/.gradle/caches/modules-2/files-2.1/net.neoforged.fancymodloader/earlydisplay/12.0.0/befa6d56bf8244678fba7fadbf0632658b64224/earlydisplay-12.0.0.jar
[15:39:00] [main/INFO] [ne.ne.fm.lo.FMLLoader/]:  - <home>/.gradle/caches/modules-2/files-2.1/net.neoforged.fancymodloader/loader/12.0.0/e1920bd20caefb500e303e0854c12d79f7c5abb4/loader-12.0.0.jar
[15:39:00] [main/INFO] [ne.ne.fm.lo.ImmediateWindowHandler/]: ImmediateWindowProvider not loading because splash screen is disabled
[15:39:00] [ForkJoinPool.commonPool-worker-3/INFO] [ne.ne.fm.lo.mo.lo.GameLocator/]: Detected a joined NeoForge and Minecraft configuration. Applying filtering...
[15:39:00] [ForkJoinPool.commonPool-worker-3/INFO] [ne.ne.fm.lo.mo.lo.InDevFolderLocator/CORE]: Got mod coordinates modernfix%%<workspace>/build/classes/java/main:modernfix%%<workspace>/build/resources/main from env
[15:39:00] [ForkJoinPool.commonPool-worker-3/INFO] [ne.ne.fm.lo.mo.lo.JarInJarDependencyLocator/]: Found 2 dependencies adding them to mods collection
[15:39:00] [ForkJoinPool.commonPool-worker-3/INFO] [ne.ne.fm.lo.mo.ModDiscoverer/]: 
     Mod List:
		Name Version (Mod Id)

		MeridianFix (unofficial ModernFix fork) 0.1.0-alpha.1+mc26.3 (modernfix)
		Minecraft 26.3 (minecraft)
		NeoForge 26.3.0.16-beta (neoforge)
[15:39:00] [main/INFO] [mixin/]: SpongePowered MIXIN Subsystem Version=0.8.7 Source=file:<home>/.gradle/caches/modules-2/files-2.1/net.fabricmc/sponge-mixin/0.17.4+mixin.0.8.7/5f66cc9f59b8efaa942155a3d5a30599bf6640dd/sponge-mixin-0.17.4+mixin.0.8.7.jar Service=FML Env=CLIENT
[15:39:00] [main/INFO] [ne.ne.fm.lo.FMLLoader/]: Loading FML Plugins:
[15:39:00] [main/INFO] [ne.ne.fm.lo.FMLLoader/]:  - <home>/.gradle/caches/modules-2/files-2.1/net.neoforged/neoforge/26.3.0.16-beta/ae0b3701fe9299942b17bc596336204e85efdd96/neoforge-26.3.0.16-beta-universal.jar > net.neoforged.neoforge-coremods-26.3.0.16-beta.jar
[15:39:01] [main/INFO] [ne.ne.fm.lo.FMLLoader/]: Building game content classloader:
 - minecraft (composite(filtered(jar(<workspace>/build/moddev/artifacts/minecraft-patched-26.3.0.16-beta.jar)), filtered(jar(<workspace>/build/moddev/artifacts/minecraft-patched-26.3.0.16-beta.jar))))
 - mixinextras.neoforge (jar(<home>/.gradle/caches/modules-2/files-2.1/net.neoforged/neoforge/26.3.0.16-beta/ae0b3701fe9299942b17bc596336204e85efdd96/neoforge-26.3.0.16-beta-universal.jar > mixinextras-neoforge-0.5.5.jar))
 - modernfix (composite(folder(<workspace>/build/classes/java/main), folder(<workspace>/build/resources/main)))
 - neoforge (composite(filtered(jar(<home>/.gradle/caches/modules-2/files-2.1/net.neoforged/neoforge/26.3.0.16-beta/ae0b3701fe9299942b17bc596336204e85efdd96/neoforge-26.3.0.16-beta-universal.jar))))
 - net.neoforged.fml.generated (empty(VirtualJar/net.neoforged.fml.generated))
[15:39:01] [main/INFO] [ne.ne.fm.lo.FMLLoader/]: Built game content classloader in 16ms
[15:39:01] [main/INFO] [ModernFix/]: Configured stability_level to 'BETA' via JVM property.
[15:39:01] [main/INFO] [ModernFix/]: Loaded configuration file for ModernFix [unknown]: 74 options available, 1 override(s) found
[15:39:01] [main/WARN] [ModernFix/]: ModernFix stability level is set to BETA. Features at this level may be unstable or cause crashes.
[15:39:01] [main/WARN] [ModernFix/]: Option 'stability_level' overriden (by user configuration) to 'BETA'
[15:39:01] [main/INFO] [ModernFix/]: Applying Nashorn fix
[15:39:01] [main/INFO] [ModernFix/]: Configuring Minecraft's max.bg.threads option with 5 threads
[15:39:01] [main/INFO] [MixinExtras|Service/]: Initializing MixinExtras via com.llamalad7.mixinextras.service.MixinExtrasServiceImpl(version=0.5.5).
[15:39:02] [Datafixer Bootstrap #0/INFO] [mojang/DataFixerBuilder]: 310 Datafixer optimizations took 207 milliseconds
[15:39:02] [main/WARN] [os.so.os.ma.MacOperatingSystem/]: Unable to parse version 27.0 to a codename.
[15:39:02] [pool-8-thread-1/INFO] [minecraft/Bootstrap]: ModernFix reached bootstrap stage (2.232 s after launch)
[15:39:02] [pool-8-thread-1/INFO] [mi.audit/]: Force-loading class net.minecraft.world.entity.ambient.Bat
[15:39:02] [pool-8-thread-1/INFO] [mi.audit/]: Force-loading class net.neoforged.neoforge.registries.NeoForgeRegistryCallbacks$BlockCallbacks
[15:39:02] [pool-8-thread-1/INFO] [mi.audit/]: Force-loading class net.minecraft.client.model.geom.builders.CubeDefinition
[15:39:02] [pool-8-thread-1/INFO] [mi.audit/]: Force-loading class net.minecraft.world.level.levelgen.material.condition.YCondition$1
[15:39:02] [pool-8-thread-1/INFO] [mi.audit/]: Force-loading class net.minecraft.world.level.levelgen.material.condition.StoneDepthCondition$1
[15:39:02] [pool-8-thread-1/INFO] [mi.audit/]: Force-loading class net.minecraft.util.datafix.fixes.BlockStateData
[15:39:02] [pool-8-thread-1/INFO] [mi.audit/]: Force-loading class net.minecraft.client.resources.language.ClientLanguage
[15:39:02] [pool-8-thread-1/INFO] [mi.audit/]: Force-loading class net.minecraft.world.level.chunk.PalettedContainer
[15:39:02] [pool-8-thread-1/INFO] [mi.audit/]: Force-loading class net.minecraft.server.players.PlayerList
[15:39:02] [pool-8-thread-1/INFO] [mi.audit/]: Force-loading class net.minecraft.client.telemetry.ClientTelemetryManager
[15:39:02] [pool-8-thread-1/INFO] [mi.audit/]: Force-loading class net.minecraft.server.MinecraftServer
[15:39:02] [pool-8-thread-1/INFO] [mi.audit/]: Force-loading class net.neoforged.neoforge.capabilities.RegisterCapabilitiesEvent
[15:39:02] [pool-8-thread-1/INFO] [mi.audit/]: Force-loading class net.minecraft.world.level.levelgen.material.condition.VerticalGradientCondition$1
[15:39:02] [pool-8-thread-1/INFO] [mi.audit/]: Force-loading class net.minecraft.world.level.levelgen.material.condition.WaterCondition$1
[15:39:02] [pool-8-thread-1/INFO] [mi.audit/]: Force-loading class net.minecraft.client.gui.screens.worldselection.WorldOpenFlows
[15:39:02] [pool-8-thread-1/INFO] [mi.audit/]: Force-loading class net.minecraft.util.SortedArraySet
[15:39:02] [pool-8-thread-1/INFO] [mi.audit/]: Force-loading class net.minecraft.world.level.levelgen.structure.placement.ConcentricRingsStructurePlacement
[15:39:02] [pool-8-thread-1/INFO] [mi.audit/]: Force-loading class net.minecraft.world.level.chunk.ImposterProtoChunk
[15:39:02] [pool-8-thread-1/INFO] [mi.audit/]: Force-loading class net.minecraft.client.renderer.entity.player.AvatarRenderer
[15:39:02] [pool-8-thread-1/INFO] [mi.audit/]: Force-loading class net.minecraft.client.gui.contextualbar.ExperienceBar
[15:39:02] [pool-8-thread-1/INFO] [mi.audit/]: Force-loading class net.minecraft.server.packs.resources.ProfiledReloadInstance
[15:39:02] [pool-8-thread-1/INFO] [mi.audit/]: Force-loading class net.minecraft.world.level.block.WallBlock
[15:39:02] [pool-8-thread-1/INFO] [mi.audit/]: Force-loading class net.minecraft.client.multiplayer.SessionSearchTrees
[15:39:02] [pool-8-thread-1/INFO] [mi.audit/]: Force-loading class net.minecraft.world.level.block.state.BlockBehaviour$BlockStateBase$Cache
[15:39:02] [pool-8-thread-1/INFO] [mi.audit/]: Force-loading class net.minecraft.world.entity.ai.attributes.AttributeSupplier
[15:39:02] [pool-8-thread-1/INFO] [mi.audit/]: Force-loading class net.minecraft.server.ServerFunctionManager
[15:39:02] [pool-8-thread-1/INFO] [mi.audit/]: Force-loading class net.minecraft.world.level.block.state.properties.Property
[15:39:02] [pool-8-thread-1/INFO] [mi.audit/]: Force-loading class net.neoforged.neoforge.registries.GameData
[15:39:02] [pool-8-thread-1/INFO] [mi.audit/]: Force-loading class net.minecraft.server.packs.resources.ReloadableResourceManager
[15:39:02] [pool-8-thread-1/INFO] [mi.audit/]: Force-loading class net.minecraft.world.entity.ai.attributes.AttributeSupplier$Builder
[15:39:02] [pool-8-thread-1/INFO] [mi.audit/]: Force-loading class net.minecraft.world.level.chunk.ChunkAccess
[15:39:02] [pool-8-thread-1/INFO] [mi.audit/]: Force-loading class net.minecraft.client.multiplayer.ClientConfigurationPacketListenerImpl
[15:39:02] [pool-8-thread-1/INFO] [mi.audit/]: Force-loading class net.minecraft.core.component.DataComponents
[15:39:02] [pool-8-thread-1/INFO] [mi.audit/]: Force-loading class net.minecraft.world.level.levelgen.DebugLevelSource
[15:39:02] [pool-8-thread-1/INFO] [mi.audit/]: Force-loading class net.minecraft.world.level.levelgen.structure.templatesystem.StructureTemplateManager
[15:39:02] [pool-8-thread-1/INFO] [mi.audit/]: Force-loading class net.minecraft.world.level.block.entity.BlockEntityType
[15:39:02] [pool-8-thread-1/INFO] [mi.audit/]: Force-loading class net.minecraft.core.MappedRegistry
[15:39:02] [pool-8-thread-1/INFO] [mi.audit/]: Force-loading class net.minecraft.client.gui.screens.ConnectScreen
[15:39:02] [pool-8-thread-1/INFO] [mi.audit/]: Force-loading class net.minecraft.server.packs.PathPackResources
[15:39:02] [pool-8-thread-1/INFO] [mi.audit/]: Force-loading class net.minecraft.tags.TagEntry
[15:39:02] [pool-8-thread-1/INFO] [mi.audit/]: Force-loading class net.minecraft.stats.RecipeBookSettings
[15:39:02] [pool-8-thread-1/INFO] [mi.audit/]: Force-loading class net.minecraft.client.resources.SkinManager$TextureCache
[15:39:02] [pool-8-thread-1/INFO] [mi.audit/]: Force-loading class net.minecraft.server.ReloadableServerResources
[15:39:02] [pool-8-thread-1/INFO] [mi.audit/]: Force-loading class net.minecraft.client.gui.font.providers.GlyphProviderType
[15:39:02] [pool-8-thread-1/INFO] [mi.audit/]: Force-loading class net.minecraft.world.level.biome.Climate$ParameterList
[15:39:02] [pool-8-thread-1/INFO] [mi.audit/]: Force-loading class net.minecraft.server.packs.FilePackResources
[15:39:02] [pool-8-thread-1/INFO] [mi.audit/]: Force-loading class net.minecraft.client.renderer.chunk.SectionCompiler
[15:39:02] [pool-8-thread-1/INFO] [mi.audit/]: Force-loading class net.minecraft.server.level.ServerChunkCache
[15:39:02] [pool-8-thread-1/INFO] [mi.audit/]: Force-loading class net.minecraft.server.level.ChunkHolder
[15:39:02] [pool-8-thread-1/INFO] [mi.audit/]: Force-loading class net.minecraft.util.EncoderCache
[15:39:02] [pool-8-thread-1/INFO] [mi.audit/]: Force-loading class net.neoforged.neoforge.capabilities.CapabilityHooks
[15:39:02] [pool-8-thread-1/INFO] [mi.audit/]: Force-loading class net.minecraft.world.item.CreativeModeTab
[15:39:02] [pool-8-thread-1/INFO] [mi.audit/]: Force-loading class net.minecraft.server.level.ChunkMap
[15:39:02] [pool-8-thread-1/INFO] [mi.audit/]: Force-loading class net.minecraft.client.GameNarrator
[15:39:02] [pool-8-thread-1/INFO] [mi.audit/]: Force-loading class net.minecraft.server.level.ServerLevel
[15:39:02] [pool-8-thread-1/INFO] [mi.audit/]: Force-loading class com.mojang.blaze3d.vertex.PoseStack
[15:39:02] [pool-8-thread-1/INFO] [mi.audit/]: Force-loading class net.minecraft.server.packs.FilePackResources$SharedZipFileAccess
[15:39:02] [pool-8-thread-1/INFO] [mi.audit/]: Force-loading class net.minecraft.client.renderer.entity.LivingEntityRenderer
[15:39:02] [pool-8-thread-1/INFO] [mi.audit/]: Force-loading class net.minecraft.client.gui.screens.worldselection.WorldSelectionList$WorldListEntry
[15:39:02] [pool-8-thread-1/INFO] [mi.audit/]: Force-loading class net.minecraft.client.Minecraft
[15:39:02] [pool-8-thread-1/INFO] [mi.audit/]: Force-loading class net.minecraft.data.registries.VanillaRegistries
[15:39:02] [pool-8-thread-1/INFO] [mi.audit/]: Force-loading class net.minecraft.client.gui.font.providers.UnihexProvider$ByteContents
[15:39:02] [pool-8-thread-1/INFO] [mi.audit/]: Force-loading class net.minecraft.world.level.levelgen.material.condition.BiomeCondition$1
[15:39:02] [pool-8-thread-1/INFO] [mi.audit/]: Force-loading class net.minecraft.server.packs.resources.SimpleReloadInstance
[15:39:02] [pool-8-thread-1/INFO] [mi.audit/]: Force-loading class net.minecraft.client.gui.screens.worldselection.CreateWorldScreen
[15:39:02] [pool-8-thread-1/INFO] [mi.audit/]: Force-loading class net.minecraft.client.gui.font.providers.UnihexProvider$ShortContents
[15:39:02] [pool-8-thread-1/INFO] [mi.audit/]: Force-loading class net.neoforged.neoforge.internal.BrandingControl
[15:39:02] [pool-8-thread-1/INFO] [mi.audit/]: Force-loading class net.minecraft.server.WorldLoader
[15:39:02] [pool-8-thread-1/INFO] [mi.audit/]: Force-loading class net.minecraft.client.server.IntegratedServer
[15:39:02] [pool-8-thread-1/INFO] [mi.audit/]: Force-loading class net.minecraft.client.color.block.BlockColors
[15:39:02] [pool-8-thread-1/INFO] [mi.audit/]: Force-loading class net.minecraft.world.level.chunk.status.ChunkStatusTasks
[15:39:02] [pool-8-thread-1/INFO] [mi.audit/]: Force-loading class net.minecraft.world.level.chunk.ChunkGeneratorStructureState
[15:39:04] [pool-8-thread-1/INFO] [minecraft/Bootstrap]: Vanilla bootstrap took 1871 milliseconds
[15:39:04] [main/WARN] [minecraft/Commands]: Ambiguity between arguments [teleport, location] and [teleport, destination] with inputs: [0.1 -0.5 .9, 0 0 0]
[15:39:04] [main/WARN] [minecraft/Commands]: Ambiguity between arguments [teleport, location] and [teleport, targets] with inputs: [0.1 -0.5 .9, 0 0 0]
[15:39:04] [main/WARN] [minecraft/Commands]: Ambiguity between arguments [teleport, destination] and [teleport, targets] with inputs: [Player, 0123, @e, dd12be42-52a9-4a91-a8a1-11c01849e498]
[15:39:04] [main/WARN] [minecraft/Commands]: Ambiguity between arguments [teleport, targets] and [teleport, destination] with inputs: [Player, 0123, dd12be42-52a9-4a91-a8a1-11c01849e498]
[15:39:04] [main/WARN] [minecraft/Commands]: Ambiguity between arguments [teleport, targets, location] and [teleport, targets, destination] with inputs: [0.1 -0.5 .9, 0 0 0]
[15:39:04] [main/WARN] [minecraft/Commands]: Ambiguity between arguments [time, set, time] and [time, set, timemarker] with inputs: [0, 0s, 0d, 0t]
[15:39:04] [main/WARN] [minecraft/Commands]: Ambiguity between arguments [time, set, timemarker] and [time, set, time] with inputs: [012]
[15:39:04] [main/WARN] [minecraft/Commands]: Ambiguity between arguments [time, of, clock, set, time] and [time, of, clock, set, timemarker] with inputs: [0, 0s, 0d, 0t]
[15:39:04] [main/WARN] [minecraft/Commands]: Ambiguity between arguments [time, of, clock, set, timemarker] and [time, of, clock, set, time] with inputs: [012]
[15:39:05] [modloading-worker-0/INFO] [ModernFix/]: MeridianFix: unofficial ModernFix fork for Minecraft 26.3; not endorsed by upstream.
[15:39:05] [modloading-worker-0/INFO] [ne.ne.ne.co.NeoForgeMod/NEOFORGE-MOD]: NeoForge mod loading, version 26.3.0.16-beta, for MC 26.3
[15:39:05] [Render thread/INFO] [mojang/MinecraftServicesDiscoveryService]: Environment: Environment[discoveryUrl=https://discovery.minecraftservices.com/minecraft/client, name=PROD]
[15:39:05] [Render thread/INFO] [minecraft/Minecraft]: Setting user: Dev
[15:39:05] [Render thread/INFO] [minecraft/Minecraft]: Backend library: LWJGL version 3.4.3+4
[15:39:05] [Render thread/WARN] [minecraft/Minecraft]: Detected unexpected shutdown during last game startup: resetting fullscreen mode
[15:39:05] [Render thread/INFO] [mojang/SdlDebug]: SDL [SYSTEM]: App name: Minecraft
[15:39:05] [Render thread/INFO] [mojang/SdlDebug]: SDL [SYSTEM]: App version: 26.3
[15:39:05] [Render thread/INFO] [mojang/SdlDebug]: SDL [SYSTEM]: App ID: com.mojang.minecraft
[15:39:05] [Render thread/INFO] [mojang/SdlDebug]: SDL [SYSTEM]: SDL revision: SDL-3.4.14-62f10da
[15:39:05] [Render thread/WARN] [minecraft/Minecraft]: Detected unexpected shutdown during last game startup: forcing preferred graphics API to OpenGL
[15:39:05] [Render thread/INFO] [minecraft/Minecraft]: Using graphics backend OpenGL, using drivers: 4.1 Metal - 91.7
[15:39:05] [Render thread/INFO] [minecraft/Minecraft]: Using graphics device: Apple M2 (Apple)
[15:39:05] [Render thread/INFO] [minecraft/Minecraft]: Using graphics device extensions: GL_ARB_draw_indirect, GL_EXT_texture_filter_anisotropic
[15:39:05] [Render thread/INFO] [mojang/Window]: Created window using SDL video driver: cocoa

[Incubating] Problems report is available at: file://<workspace>/build/reports/problems/problems-report.html

Deprecated Gradle features were used in this build, making it incompatible with Gradle 10.

You can use '--warning-mode all' to show the individual deprecation warnings and determine if they come from your own scripts or plugins.

For more on this, please refer to https://docs.gradle.org/9.2.1/userguide/command_line_interface.html#sec:command_line_warnings in the Gradle documentation.

BUILD SUCCESSFUL in 1m 17s
24 actionable tasks: 13 executed, 11 up-to-date
